// Jest Snapshot v1, https://goo.gl/fbAQLP

exports[`DatePicker komponent matcher snapshot 1`] = `
<div>
  <div
    className="labelArea-41"
  >
    <span
      className="label-42"
    />
  </div>
  <div
    className="ms-DatePicker SkeDatePicker-46"
  >
    <div
      aria-haspopup="true"
    >
      <div
        className="ms-TextField textField-51"
      >
        <div
          className="ms-TextField-wrapper wrapper-52"
        >
          <div
            className="ms-TextField-fieldGroup fieldGroup-53"
          >
            <input
              aria-expanded={false}
              aria-invalid={false}
              className="ms-TextField-field field-54"
              disabled={false}
              id="DatePicker0-label"
              onBlur={[Function]}
              onChange={[Function]}
              onClick={[Function]}
              onFocus={[Function]}
              onInput={[Function]}
              onKeyDown={[Function]}
              readOnly={false}
              required={false}
              role="combobox"
              type="text"
              value=""
            />
            <i
              aria-hidden={true}
              className="ms-DatePicker-event--without-label msDatePickerDisabled icon-61"
              data-icon-name="Calendar"
              onClick={[Function]}
            >
              ïƒ­
            </i>
          </div>
        </div>
      </div>
    </div>
  </div>
</div>
`;
