// Jest Snapshot v1, https://goo.gl/fbAQLP

exports[`Callout komponent matcher snapshot 1`] = `
<div
  className="calloutWrapper-41"
>
  <div
    className="ms-Callout-container container-43"
  >
    <div
      className="ms-Callout SkeCallout-44"
      style={
        Object {
          "filter": "opacity(0)",
          "opacity": 0,
        }
      }
      tabIndex={-1}
    >
      <div
        className="ms-Callout-main calloutMain-47"
        onKeyDown={[Function]}
        onMouseDown={[Function]}
        onMouseUp={[Function]}
        role="dialog"
        style={
          Object {
            "maxHeight": 752,
            "outline": "none",
            "overflowY": undefined,
          }
        }
      >
        <button
          aria-label="Lukk"
          className="ms-Button ms-Button--icon closeButton-49"
          data-is-focusable={true}
          onClick={[Function]}
          onKeyDown={[Function]}
          onKeyPress={[Function]}
          onKeyUp={[Function]}
          onMouseDown={[Function]}
          onMouseUp={[Function]}
          role="button"
          type="default"
        >
          <span
            className="ms-Button-flexContainer flexContainer-50"
            data-automationid="splitbuttonprimary"
          >
            <i
              aria-hidden={true}
              className="ms-Icon root-37 css-57 ms-Button-icon icon-52"
              data-icon-name="Cancel"
              role="presentation"
            >
              ï–­
            </i>
          </span>
        </button>
      </div>
    </div>
  </div>
</div>
`;
