// Jest Snapshot v1, https://goo.gl/fbAQLP

exports[`TopStripeLink komponent matcher snapshot  1`] = `null`;
