// Jest Snapshot v1, https://goo.gl/fbAQLP

exports[`TextField komponent matcher snapshot 1`] = `
<div
  className=

      & .ms-TextField-field {
        font-size: 1rem;
      }
      && .ms-TextField-fieldGroup {
        border-color: #1d1d1d;
        border-radius: 0px;
      }
      && .ms-TextField-fieldGroup:focus {
        border: #a82e39;
      }
      &.is-active .ms-TextField-fieldGroup {
        border: 1px solid #1362ae;
      }
      &.ms-TextField--underlined .ms-TextField-wrapper {
        border: 1px solid #1d1d1d;
      }
      &.ms-TextField--underlined .ms-TextField-wrapper:hover {
        border: 1px solid rgba(0, 0, 0, 0.95);
      }
      &.is-active.ms-TextField--underlined .ms-TextField-wrapper {
        border: 1px solid #1d1d1d;
        outline: 1px solid #1d1d1d;
      }
      & .ms-TextField-field[readOnly] {
        background: transparent;
        border: none;
        cursor: default;
        font-weight: 400;
        outline: none;
        padding-left: 1px;
      }
      & .ms-TextField-field[readOnly]:focus {
        font-weight: 400;
      }
      & .ms-TextField-field[disabled] {
        color: #666666;
      }
      & .ms-Button-icon {
        font-size: 18px;
      }
      & .ms-TextField-errorMessage {
        color: #a82e39;
        font-size: 0.875rem;
        font-weight: 500;
        padding-left: 20px;
        position: relative;
      }
      & .ms-TextField-errorMessage::before {
        content: 'ï€¨';
        display: block;
        font-family: "Material Icons";
        font-size: 16px;
        left: 0px;
        margin-right: 3px;
        position: absolute;
        top: 6px;
      }
      & textarea.ms-TextField-field {
        resize: none;
      }
      &.is-disabled .ms-TextField-fieldGroup {
        background-color: #e8e8e8;
        border-color: #bbbbbb;
        border-style: solid;
        border-width: 1px;
      }
      &.is-disabled .ms-TextField-field {
        color: #1d1d1d;
      }
      &.is-disabled .ms-TextField-field:hover {
        cursor: not-allowed;
      }
  id="textfield-123"
>
  <div
    className="calloutLabelWrapper-43"
  />
  <div
    className="ms-TextField SkeTextField-51"
  >
    <div
      className="ms-TextField-wrapper"
    >
      <div
        className="ms-TextField-fieldGroup fieldGroup-52"
      >
        <input
          aria-invalid={false}
          className="ms-TextField-field field-53"
          id="textfield-123-input"
          onBlur={[Function]}
          onChange={[Function]}
          onFocus={[Function]}
          onInput={[Function]}
          type="text"
          value=""
        />
      </div>
    </div>
  </div>
</div>
`;
