// Jest Snapshot v1, https://goo.gl/fbAQLP

exports[`SearchMenu komponent matcher snapshot 1`] = `
Array [
  <div
    className="searchBoxWrapper-40"
  >
    <div
      className="ms-SearchBox SkeSearchField-47"
      onFocusCapture={[Function]}
      role="search"
    >
      <div
        aria-hidden={true}
        className="ms-SearchBox-iconContainer iconContainer-48"
        onClick={[Function]}
      >
        <i
          aria-hidden={true}
          className="ms-SearchBox-icon icon-53"
          data-icon-name="Search"
        >
          Ôçâ
        </i>
      </div>
      <input
        className="ms-SearchBox-field field-51"
        id="SearchBox0"
        onChange={[Function]}
        onInput={[Function]}
        onKeyDown={[Function]}
        role="searchbox"
        type="search"
        value=""
      />
    </div>
  </div>,
  <div
    className="searchListDropdown-45 searchMenuDropdown-41"
  >
    <ul>
      <li
        className=""
        onClick={[Function]}
        onKeyDown={[Function]}
        onKeyPress={[Function]}
        tabIndex={0}
      >
        skatt
      </li>
      <li
        className=""
        onClick={[Function]}
        onKeyDown={[Function]}
        onKeyPress={[Function]}
        tabIndex={0}
      >
        annen ting
      </li>
      <li
        className=""
        onClick={[Function]}
        onKeyDown={[Function]}
        onKeyPress={[Function]}
        tabIndex={0}
      >
        listeelement
      </li>
      <li
        className=""
        onClick={[Function]}
        onKeyDown={[Function]}
        onKeyPress={[Function]}
        tabIndex={0}
      >
        noe helt annet
      </li>
    </ul>
  </div>,
]
`;
