// Jest Snapshot v1, https://goo.gl/fbAQLP

exports[`FileUploader komponent matcher snapshot 1`] = `
<div
  className=


>
  <label
    id="buttonLabel"
  >
    <div
      aria-describedby="acceptedFileFormats"
      className=

          {
            background-color: #cde1f9;
            border: 2px dashed #1362ae;
            cursor: pointer;
            margin-bottom: 8px;
            margin-top: 8px;
            padding-bottom: 16px;
            padding-left: 16px;
            padding-right: 16px;
            padding-top: 16px;
            text-align: center;
          }
      onClick={[Function]}
      onDragEnter={[Function]}
      onDragLeave={[Function]}
      onDragOver={[Function]}
      onDrop={[Function]}
      onKeyPress={[Function]}
      role="button"
      tabIndex={0}
    >
      <i
        aria-hidden={true}
        className=

            {
              -moz-osx-font-smoothing: grayscale;
              -webkit-font-smoothing: antialiased;
              color: #1362ae;
              display: inline-block;
              font-family: "Material Icons";
              font-size: 1.25rem;
              font-style: normal;
              font-weight: normal;
              speak: none;
            }
        data-icon-name="AttachFile"
      >
        Ôè¢
      </i>
      <u>
        Legg til fil(er)
      </u>
    </div>
  </label>
  <input
    aria-hidden={true}
    className=

        {
          opacity: 0;
          overflow: hidden;
          position: absolute;
          z-index: -1;
        }
    id="fileupload-input"
    onChange={[Function]}
    tabIndex={-1}
    type="file"
  />
</div>
`;
