// Jest Snapshot v1, https://goo.gl/fbAQLP

exports[`ButtonLink-komponent matcher snapshot 1`] = `
<a
  className="buttonLink-54"
  href="#"
  role="button"
>
  Knappetekst
</a>
`;
