// Jest Snapshot v1, https://goo.gl/fbAQLP

exports[`MessageBar komponent matcher snapshot 1`] = `
<div>
  <div
    style={
      Object {
        "background": "#ffffff",
      }
    }
  >
    <div
      className="ms-MessageBar ms-MessageBar-multiline entered root-42"
    >
      <div
        className="ms-MessageBar-content content-43"
      >
        <div
          aria-hidden={true}
          className="ms-MessageBar-icon iconContainer-44"
        >
          <i
            aria-hidden={true}
            className="icon-54"
            data-icon-name="Info"
          >
            ï‹¼
          </i>
        </div>
        <div
          aria-live="polite"
          className="ms-MessageBar-text text-46"
          id="MessageBar0"
          role="status"
        >
          <span
            className="ms-MessageBar-innerText innerText-47"
            role="status"
          />
        </div>
      </div>
    </div>
  </div>
</div>
`;
