// Jest Snapshot v1, https://goo.gl/fbAQLP

exports[`ScrollToTopButton komponent matcher snapshot 1`] = `
<div
  className="topcontainer-40"
>
  <div
    className="container-41"
  >
    <div
      className="box-42"
    >
      <button
        aria-label="Til toppen"
        className="ms-Button ms-Button--action ms-Button--command actionButton-50"
        data-is-focusable={true}
        onClick={[Function]}
        onKeyDown={[Function]}
        onKeyPress={[Function]}
        onKeyUp={[Function]}
        onMouseDown={[Function]}
        onMouseUp={[Function]}
        role="button"
        type="button"
      >
        <span
          className="ms-Button-flexContainer flexContainer-51"
          data-automationid="splitbuttonprimary"
        >
          <div
            className="iconFixateContainer-45"
          >
            <div
              className="iconFixate-46"
            >
              <i
                aria-hidden={true}
                className="icon-59"
                data-icon-name="MoveUp"
              >
                ÔÅ†
              </i>
            </div>
          </div>
          <div
            className="label-47"
          >
            Til toppen
          </div>
        </span>
      </button>
    </div>
  </div>
</div>
`;
