// Jest Snapshot v1, https://goo.gl/fbAQLP

exports[`Table komponent matcher snapshot 1`] = `
<Table
  columns={
    Array [
      Object {
        "fieldName": "month",
        "name": "Måned",
      },
      Object {
        "alignment": "right",
        "fieldName": "amount",
        "name": "Beløp",
      },
      Object {
        "alignment": "right",
        "fieldName": "coverage",
        "name": "Dekningsgrad",
      },
      Object {
        "alignment": "right",
        "fieldName": "revenue",
        "name": "Avkastning",
      },
    ]
  }
  data={
    Array [
      Object {
        "Avkastning": "1000",
        "Beløp": 100,
        "Dekningsgrad": "100%",
        "Måned": "Januar",
      },
      Object {
        "Avkastning": "500",
        "Beløp": 100,
        "Dekningsgrad": "50%",
        "Måned": "Februar",
      },
      Object {
        "Avkastning": "2000",
        "Beløp": 100,
        "Dekningsgrad": "20%",
        "Måned": "Mars",
      },
      Object {
        "Avkastning": "1055",
        "Beløp": 100,
        "Dekningsgrad": "30%",
        "Måned": "April",
      },
    ]
  }
>
  <div
    className="SkeTable-40"
  >
    <table>
      <thead>
        <tr>
          <th
            className=""
            key="month"
          >
            Måned
          </th>
          <th
            className=""
            key="amount"
          >
            Beløp
          </th>
          <th
            className=""
            key="coverage"
          >
            Dekningsgrad
          </th>
          <th
            className=""
            key="revenue"
          >
            Avkastning
          </th>
        </tr>
      </thead>
      <tbody>
        <TableRow
          columns={
            Array [
              Object {
                "fieldName": "month",
                "name": "Måned",
              },
              Object {
                "alignment": "right",
                "fieldName": "amount",
                "name": "Beløp",
              },
              Object {
                "alignment": "right",
                "fieldName": "coverage",
                "name": "Dekningsgrad",
              },
              Object {
                "alignment": "right",
                "fieldName": "revenue",
                "name": "Avkastning",
              },
            ]
          }
          data={
            Object {
              "Avkastning": "1000",
              "Beløp": 100,
              "Dekningsgrad": "100%",
              "Måned": "Januar",
            }
          }
          editModeActive={false}
          key="0"
          rowIndex={0}
          setEditMode={[Function]}
          tableHasScroll={false}
        >
          <tr
            key="0"
          >
            <td
              className=""
              key="0_0"
            />
            <td
              className="right"
              key="0_1"
            />
            <td
              className="right"
              key="0_2"
            />
            <td
              className="right"
              key="0_3"
            />
          </tr>
        </TableRow>
        <TableRow
          columns={
            Array [
              Object {
                "fieldName": "month",
                "name": "Måned",
              },
              Object {
                "alignment": "right",
                "fieldName": "amount",
                "name": "Beløp",
              },
              Object {
                "alignment": "right",
                "fieldName": "coverage",
                "name": "Dekningsgrad",
              },
              Object {
                "alignment": "right",
                "fieldName": "revenue",
                "name": "Avkastning",
              },
            ]
          }
          data={
            Object {
              "Avkastning": "500",
              "Beløp": 100,
              "Dekningsgrad": "50%",
              "Måned": "Februar",
            }
          }
          editModeActive={false}
          key="1"
          rowIndex={1}
          setEditMode={[Function]}
          tableHasScroll={false}
        >
          <tr
            key="1"
          >
            <td
              className=""
              key="1_0"
            />
            <td
              className="right"
              key="1_1"
            />
            <td
              className="right"
              key="1_2"
            />
            <td
              className="right"
              key="1_3"
            />
          </tr>
        </TableRow>
        <TableRow
          columns={
            Array [
              Object {
                "fieldName": "month",
                "name": "Måned",
              },
              Object {
                "alignment": "right",
                "fieldName": "amount",
                "name": "Beløp",
              },
              Object {
                "alignment": "right",
                "fieldName": "coverage",
                "name": "Dekningsgrad",
              },
              Object {
                "alignment": "right",
                "fieldName": "revenue",
                "name": "Avkastning",
              },
            ]
          }
          data={
            Object {
              "Avkastning": "2000",
              "Beløp": 100,
              "Dekningsgrad": "20%",
              "Måned": "Mars",
            }
          }
          editModeActive={false}
          key="2"
          rowIndex={2}
          setEditMode={[Function]}
          tableHasScroll={false}
        >
          <tr
            key="2"
          >
            <td
              className=""
              key="2_0"
            />
            <td
              className="right"
              key="2_1"
            />
            <td
              className="right"
              key="2_2"
            />
            <td
              className="right"
              key="2_3"
            />
          </tr>
        </TableRow>
        <TableRow
          columns={
            Array [
              Object {
                "fieldName": "month",
                "name": "Måned",
              },
              Object {
                "alignment": "right",
                "fieldName": "amount",
                "name": "Beløp",
              },
              Object {
                "alignment": "right",
                "fieldName": "coverage",
                "name": "Dekningsgrad",
              },
              Object {
                "alignment": "right",
                "fieldName": "revenue",
                "name": "Avkastning",
              },
            ]
          }
          data={
            Object {
              "Avkastning": "1055",
              "Beløp": 100,
              "Dekningsgrad": "30%",
              "Måned": "April",
            }
          }
          editModeActive={false}
          key="3"
          rowIndex={3}
          setEditMode={[Function]}
          tableHasScroll={false}
        >
          <tr
            key="3"
          >
            <td
              className=""
              key="3_0"
            />
            <td
              className="right"
              key="3_1"
            />
            <td
              className="right"
              key="3_2"
            />
            <td
              className="right"
              key="3_3"
            />
          </tr>
        </TableRow>
      </tbody>
    </table>
  </div>
</Table>
`;
