// Jest Snapshot v1, https://goo.gl/fbAQLP

exports[`TopBanner komponent matcher snapshot  1`] = `
<header
  className=

      {
        align-items: stretch;
        background: #ECE6E8;
        border-radius: 0 0 0 0;
        color: #ffffff;
        display: flex;
        height: 120px;
        margin-bottom: 0;
        margin-left: 0;
        margin-right: 0;
        margin-top: 0;
        overflow: hidden;
      }
      @media (max-width: 640px){& {
        height: 72px;
      }
>
  <div
    className=

        {
          align-items: center;
          background: #6F2C3F;
          display: flex;
          padding-left: 16px;
          padding-right: 8px;
          width: auto;
        }
  >
    <a
      className=

          {
            align-items: center;
            display: flex;
            font-size: 1.125rem;
            font-weight: 700;
            text-decoration-color: #ffffff;
            text-decoration: none;
          }
    >
      <i
        aria-hidden={true}
        className=

            {
              -moz-osx-font-smoothing: grayscale;
              -webkit-font-smoothing: antialiased;
              color: #ffffff;
              display: inline-block;
              font-family: "Material Icons";
              font-size: 1.25rem;
              font-style: normal;
              font-weight: 700;
              margin-left: 10px;
              speak: none;
            }
        data-icon-name="Home"
      >
        ï‹œ
      </i>
      <div
        className=

            {
              color: #ffffff;
              flex-grow: 1;
              margin-left: 4px;
              text-align: center;
            }
            &:hover {
              text-decoration: underline;
            }
            &:active {
              text-decoration: none;
            }
      />
    </a>
  </div>
  <div
    className=

        {
          border-bottom: 120px solid #6F2C3F;
          border-right: 40px solid #ECE6E8;
        }
  />
  <div
    className=

        {
          align-items: center;
          background: #ECE6E8;
          color: #000000;
          display: flex;
          flex-grow: 1;
          padding-bottom: 0;
          padding-left: 8px;
          padding-right: 8px;
          padding-top: 0;
          word-break: break-word;
        }
        & h1 {
          flex-grow: 1;
          font-size: 1.125rem;
        }
        @media (min-width: 640px){& h1 {
          font-size: 1.375rem;
        }
  >
    <div
      className=

          {
            flex-grow: 1;
            font-size: 1.125rem;
          }
    />
    <div />
  </div>
</header>
`;
